// Vitest Snapshot v1, https://vitest.dev/guide/snapshot.html

exports[`Content Header > should match the snapshot 1`] = `
<div>
  <header
    class="sc-jrQzhe diKncJ"
  >
    <h1
      class="sc-iqsfQQ byMAjO card-title"
      data-class="card-title"
    >
      title
    </h1>
    <h2
      class="sc-kDTiHp kvNWfI card-sub-title card-subtitle"
    >
      content
    </h2>
  </header>
</div>
`;
