// Vitest Snapshot v1, https://vitest.dev/guide/snapshot.html

exports[`Timeline vertical item > Should match snapshot 1`] = `
<div>
  <li
    class="sc-dmXWDj kLqMME vertical-item-row"
    data-testid="vertical-item-row"
  >
    <div
      class="sc-fLseNd fREniZ"
      mode="VERTICAL_ALTERNATING"
    >
      <div
        align="right"
        class="sc-iBdnpw kigzui timeline-item-title title"
      >
        vertical item title
      </div>
    </div>
    <div
      class="sc-khjJXk bioehd card-content-wrapper"
    >
      <section
        class="sc-jdHILj dyKTRD timeline-card-content  card"
        data-testid="timeline-card-content"
        mode="VERTICAL_ALTERNATING"
        tabindex="0"
      >
        <div
          class="sc-eAKtBH cNWdwX card-media-wrapper card-media"
          mode="VERTICAL_ALTERNATING"
        >
          <div
            class="sc-ckdEwu imDWeE"
            height="200"
          >
            <img
              class="sc-bZHSRq ggIkhI"
              data-testid="timeline-card-content-image"
              loading="lazy"
              mode="VERTICAL_ALTERNATING"
              src="https://www.google.com/images/branding/googlelogo/2x/googlelogo_color_272x92dp.png"
            />
          </div>
        </div>
        <div
          class="sc-ilxebA isYqPY"
          mode="VERTICAL_ALTERNATING"
        >
          <div
            class="sc-cCzLxZ gMsWLK"
          />
        </div>
        <div
          aria-expanded="false"
          class="sc-dQmiwx ehrAoG show-less card-description card-text"
        />
        <span
          class="sc-kiTBBF hKofhS"
          dir=""
          offset="-8"
        />
      </section>
    </div>
    <div
      bg="#0f52ba"
      class="sc-kZOsHZ gQaKG"
      data-testid="tree-leaf"
    >
      <button
        aria-label="select timeline"
        class="sc-iLXxbI lfUnAe  timeline-vertical-circle"
        data-testid="tree-leaf-click"
      >
        <div
          class="sc-kFCroH jIqDLF"
          dimension="16"
        />
      </button>
    </div>
  </li>
</div>
`;
