// Vitest Snapshot v1, https://vitest.dev/guide/snapshot.html

exports[`TimelineHorizontalCard > should match the snapshot 1`] = `
<div>
  <div
    class="sc-hABBmJ YYCGE vertical_alternating"
    data-testid="timeline-item"
  >
    <div
      class="sc-fHejqy knoIyC"
    >
      <div
        class="sc-blmEgr hjusHh timeline-circle using-icon vertical_alternating active"
        data-testid="timeline-circle"
        dimension="16"
      >
        icon child
      </div>
    </div>
    <div
      class="sc-ifyrAs kPSRwp vertical_alternating"
      data-testid="timeline-title"
    >
      <div
        class="sc-ktwOfi bDvOQA timeline-item-title active title"
      />
    </div>
  </div>
</div>
`;
